1. W GitLab utwórz nowy projekt -> gitlab-ci-calculator
2. repo

PS C:\Users\marci\nowyprojekt> cd ..
PS C:\Users\marci> git clone git@gitlab.com:marcin.albiniak72/gitlab-ci-calculator.git
Cloning into 'gitlab-ci-calculator'...
The authenticity of host 'gitlab.com (172.65.251.78)' can't be established.
ECDSA key fingerprint is SHA256:HbW3g8zUjNSksFbqTiUWPWg2Bq1x8xdGUrliXFzSnUw.
Are you sure you want to continue connecting (yes/no/[fingerprint])? y
Please type 'yes', 'no' or the fingerprint: yes
Warning: Permanently added 'gitlab.com,172.65.251.78' (ECDSA) to the list of known hosts.
git@gitlab.com: Permission denied (publickey).
fatal: Could not read from remote repository.

Please make sure you have the correct access rights
and the repository exists.
PS C:\Users\marci> git clone https://gitlab.com/marcin.albiniak72/gitlab-ci-calculator.git
Cloning into 'gitlab-ci-calculator'...
remote: Enumerating objects: 3, done.
remote: Counting objects: 100% (3/3), done.
remote: Compressing objects: 100% (2/2), done.
remote: Total 3 (delta 0), reused 0 (delta 0), pack-reused 0 (from 0)
Unpacking objects: 100% (3/3), done.
PS C:\Users\marci> dir

PS C:\Users\marci> dir .\gitlab-ci-calculator\


    Directory: C:\Users\marci\gitlab-ci-calculator


Mode                 LastWriteTime         Length Name
----                 -------------         ------ ----
-a----        25.11.2025     11:09           6265 README.md


3. Naapisani pliku pythona calculator.py
4. Instalacja pytest

PS C:\Users\marci> cd .\gitlab-ci-calculator\
PS C:\Users\marci\gitlab-ci-calculator> code .
PS C:\Users\marci\gitlab-ci-calculator> pip install pytest
Collecting pytest
  Downloading pytest-9.0.1-py3-none-any.whl.metadata (7.6 kB)
Requirement already satisfied: colorama>=0.4 in c:\users\marci\appdata\local\programs\python\python312\lib\site-packages (from pytest) (0.4.6)
Collecting iniconfig>=1.0.1 (from pytest)
  Using cached iniconfig-2.3.0-py3-none-any.whl.metadata (2.5 kB)
Requirement already satisfied: packaging>=22 in c:\users\marci\appdata\local\programs\python\python312\lib\site-packages (from pytest) (23.2)
Collecting pluggy<2,>=1.5 (from pytest)
  Using cached pluggy-1.6.0-py3-none-any.whl.metadata (4.8 kB)
Requirement already satisfied: pygments>=2.7.2 in c:\users\marci\appdata\local\programs\python\python312\lib\site-packages (from pytest) (2.17.2)
Downloading pytest-9.0.1-py3-none-any.whl (373 kB)
Using cached pluggy-1.6.0-py3-none-any.whl (20 kB)
Using cached iniconfig-2.3.0-py3-none-any.whl (7.5 kB)
Installing collected packages: pluggy, iniconfig, pytest
Successfully installed iniconfig-2.3.0 pluggy-1.6.0 pytest-9.0.1

[notice] A new release of pip is available: 25.1.1 -> 25.3
[notice] To update, run: python.exe -m pip install --upgrade pip
PS C:\Users\marci\gitlab-ci-calculator>  python.exe -m pip install --upgrade pip
Requirement already satisfied: pip in c:\users\marci\appdata\local\programs\python\python312\lib\site-packages (25.1.1)
Collecting pip
  Downloading pip-25.3-py3-none-any.whl.metadata (4.7 kB)
Downloading pip-25.3-py3-none-any.whl (1.8 MB)
   ━━━━━━━━━━━━━━━━━━━━━━━━━━━━━━━━━━━━━━━━ 1.8/1.8 MB 16.1 MB/s eta 0:00:00
Installing collected packages: pip
  Attempting uninstall: pip
    Found existing installation: pip 25.1.1
    Uninstalling pip-25.1.1:
      Successfully uninstalled pip-25.1.1
Successfully installed pip-25.3
PS C:\Users\marci\gitlab-ci-calculator>



